parsed 100 polynomials from data/liftE_c9xc2_all.txt
ok: True | submissionId: sub_43b2f543ffb142e2af7673e86374a608 | batchId: igp24_batch_fd5c05c35d474d738fb5c4f33b1e5738 | status: queued | queued: 100 | rejected: 0
[     0s] batch queued verified=0 failed=0 queued=100
[    11s] batch queued verified=0 failed=0 queued=100
[    21s] batch queued verified=0 failed=0 queued=100
[    33s] batch queued verified=0 failed=0 queued=100
[    44s] batch queued verified=0 failed=0 queued=100
[    54s] batch queued verified=0 failed=0 queued=100
[    64s] batch queued verified=0 failed=0 queued=100
[    75s] batch queued verified=0 failed=0 queued=100
[    86s] batch queued verified=0 failed=0 queued=100
[    97s] batch queued verified=0 failed=0 queued=100
[   108s] batch queued verified=0 failed=0 queued=100
[   118s] batch queued verified=0 failed=0 queued=100
[   129s] batch queued verified=0 failed=0 queued=100
[   139s] batch queued verified=0 failed=0 queued=100
[   150s] batch queued verified=0 failed=0 queued=100
[   161s] batch queued verified=0 failed=0 queued=100
[   172s] batch queued verified=0 failed=0 queued=100
[   183s] batch queued verified=0 failed=0 queued=100
[   193s] batch queued verified=0 failed=0 queued=100
[   204s] batch queued verified=0 failed=0 queued=100
[   214s] batch queued verified=0 failed=0 queued=100
[   224s] batch queued verified=0 failed=0 queued=100
[   235s] batch queued verified=0 failed=0 queued=100
[   245s] batch queued verified=0 failed=0 queued=100
[   256s] batch queued verified=0 failed=0 queued=100
[   266s] batch queued verified=0 failed=0 queued=100
[   276s] batch queued verified=0 failed=0 queued=100
[   287s] batch queued verified=0 failed=0 queued=100
[   297s] batch queued verified=0 failed=0 queued=100
[   307s] batch queued verified=0 failed=0 queued=100
[   318s] batch queued verified=0 failed=0 queued=100
[   328s] batch queued verified=0 failed=0 queued=100
[   338s] batch queued verified=0 failed=0 queued=100
[   349s] batch queued verified=0 failed=0 queued=100
[   359s] batch queued verified=0 failed=0 queued=100
[   370s] batch queued verified=0 failed=0 queued=100
[   380s] batch queued verified=0 failed=0 queued=100
[   391s] batch queued verified=0 failed=0 queued=100
[   402s] batch queued verified=0 failed=0 queued=100
[   412s] batch queued verified=0 failed=0 queued=100
[   422s] batch queued verified=0 failed=0 queued=100
[   433s] batch queued verified=0 failed=0 queued=100
[   444s] batch queued verified=0 failed=0 queued=100
[   455s] batch queued verified=0 failed=0 queued=100
[   466s] batch queued verified=0 failed=0 queued=100
[   476s] batch queued verified=0 failed=0 queued=100
[   486s] batch queued verified=0 failed=0 queued=100
[   497s] batch queued verified=0 failed=0 queued=100
[   508s] batch queued verified=0 failed=0 queued=100
[   518s] batch queued verified=0 failed=0 queued=100
[   528s] batch queued verified=0 failed=0 queued=100
[   539s] batch queued verified=0 failed=0 queued=100
[   550s] batch queued verified=0 failed=0 queued=100
[   560s] batch queued verified=0 failed=0 queued=100
[   571s] batch queued verified=0 failed=0 queued=100
[   581s] batch queued verified=0 failed=0 queued=100
[   592s] batch queued verified=0 failed=0 queued=100
[   602s] batch queued verified=0 failed=0 queued=100
[   612s] batch queued verified=0 failed=0 queued=100
[   624s] batch queued verified=0 failed=0 queued=100
[   634s] batch queued verified=0 failed=0 queued=100
[   645s] batch queued verified=0 failed=0 queued=100
[   657s] batch queued verified=0 failed=0 queued=100
[   668s] batch queued verified=0 failed=0 queued=100
[   678s] batch queued verified=0 failed=0 queued=100
[   689s] batch queued verified=0 failed=0 queued=100
[   699s] batch queued verified=0 failed=0 queued=100
[   710s] batch queued verified=0 failed=0 queued=100
[   720s] batch queued verified=0 failed=0 queued=100
[   730s] batch queued verified=0 failed=0 queued=100
[   741s] batch queued verified=0 failed=0 queued=100
[   751s] batch queued verified=0 failed=0 queued=100
[   761s] batch queued verified=0 failed=0 queued=100
[   772s] batch queued verified=0 failed=0 queued=100
[   782s] batch queued verified=0 failed=0 queued=100
[   792s] batch queued verified=0 failed=0 queued=100
[   803s] batch queued verified=0 failed=0 queued=100
[   814s] batch queued verified=0 failed=0 queued=100
[   826s] batch queued verified=0 failed=0 queued=100
[   836s] batch queued verified=0 failed=0 queued=100
[   847s] batch queued verified=0 failed=0 queued=100
[   857s] batch queued verified=0 failed=0 queued=100
[   867s] batch queued verified=0 failed=0 queued=100
[   878s] batch queued verified=0 failed=0 queued=100
[   888s] batch queued verified=0 failed=0 queued=100
[   898s] batch queued verified=0 failed=0 queued=100
[   910s] batch queued verified=0 failed=0 queued=100
[   922s] batch queued verified=0 failed=0 queued=100
[   932s] batch queued verified=0 failed=0 queued=100
[   942s] batch queued verified=0 failed=0 queued=100
[   953s] batch queued verified=0 failed=0 queued=100
[   963s] batch queued verified=0 failed=0 queued=100
[   974s] batch queued verified=0 failed=0 queued=100
[   984s] batch queued verified=0 failed=0 queued=100
[   994s] batch queued verified=0 failed=0 queued=100
[  1005s] batch queued verified=0 failed=0 queued=100
[  1015s] batch queued verified=0 failed=0 queued=100
[  1026s] batch queued verified=0 failed=0 queued=100
[  1036s] batch queued verified=0 failed=0 queued=100
[  1047s] batch queued verified=0 failed=0 queued=100
[  1057s] batch queued verified=0 failed=0 queued=100
[  1067s] batch queued verified=0 failed=0 queued=100
[  1078s] batch queued verified=0 failed=0 queued=100
[  1088s] batch queued verified=0 failed=0 queued=100
[  1099s] batch queued verified=0 failed=0 queued=100
[  1109s] batch queued verified=0 failed=0 queued=100
[  1119s] batch queued verified=0 failed=0 queued=100
[  1130s] batch queued verified=0 failed=0 queued=100
[  1140s] batch queued verified=0 failed=0 queued=100
[  1150s] batch queued verified=0 failed=0 queued=100
[  1161s] batch queued verified=0 failed=0 queued=100
[  1172s] batch queued verified=0 failed=0 queued=100
[  1182s] batch queued verified=0 failed=0 queued=100
[  1193s] batch queued verified=0 failed=0 queued=100
[  1204s] batch queued verified=0 failed=0 queued=100
[  1214s] batch queued verified=0 failed=0 queued=100
[  1224s] batch queued verified=0 failed=0 queued=100
[  1235s] batch queued verified=0 failed=0 queued=100
[  1245s] batch queued verified=0 failed=0 queued=100
[  1256s] batch queued verified=0 failed=0 queued=100
[  1266s] batch queued verified=0 failed=0 queued=100
[  1276s] batch queued verified=0 failed=0 queued=100
[  1287s] batch queued verified=0 failed=0 queued=100
[  1297s] batch queued verified=0 failed=0 queued=100
[  1307s] batch queued verified=0 failed=0 queued=100
[  1318s] batch queued verified=0 failed=0 queued=100
[  1329s] batch queued verified=0 failed=0 queued=100
[  1339s] batch queued verified=0 failed=0 queued=100
[  1350s] batch queued verified=0 failed=0 queued=100
[  1360s] batch queued verified=0 failed=0 queued=100
[  1371s] batch queued verified=0 failed=0 queued=100
[  1381s] batch queued verified=0 failed=0 queued=100
[  1393s] batch queued verified=0 failed=0 queued=100
[  1403s] batch queued verified=0 failed=0 queued=100
[  1414s] batch queued verified=0 failed=0 queued=100
[  1426s] batch queued verified=0 failed=0 queued=100
[  1439s] batch queued verified=0 failed=0 queued=100
[  1452s] batch queued verified=0 failed=0 queued=100
[  1463s] batch queued verified=0 failed=0 queued=100
[  1474s] batch queued verified=0 failed=0 queued=100
[  1484s] batch queued verified=0 failed=0 queued=100
[  1494s] batch queued verified=0 failed=0 queued=100
[  1505s] batch queued verified=0 failed=0 queued=100
[  1515s] batch queued verified=0 failed=0 queued=100
[  1526s] batch queued verified=0 failed=0 queued=100
[  1536s] batch queued verified=0 failed=0 queued=100
[  1547s] batch queued verified=0 failed=0 queued=100
[  1558s] batch queued verified=0 failed=0 queued=100
[  1568s] batch queued verified=0 failed=0 queued=100
[  1579s] batch queued verified=0 failed=0 queued=100
[  1589s] batch queued verified=0 failed=0 queued=100
[  1599s] batch queued verified=0 failed=0 queued=100
[  1610s] batch queued verified=0 failed=0 queued=100
[  1620s] batch queued verified=0 failed=0 queued=100
[  1630s] batch queued verified=0 failed=0 queued=100
[  1641s] batch queued verified=0 failed=0 queued=100
[  1651s] batch queued verified=0 failed=0 queued=100
[  1663s] batch queued verified=0 failed=0 queued=100
[  1673s] batch queued verified=0 failed=0 queued=100
[  1683s] batch queued verified=0 failed=0 queued=100
[  1694s] batch queued verified=0 failed=0 queued=100
[  1704s] batch queued verified=0 failed=0 queued=100
[  1715s] batch queued verified=0 failed=0 queued=100
[  1725s] batch queued verified=0 failed=0 queued=100
[  1736s] batch queued verified=0 failed=0 queued=100
[  1746s] batch queued verified=0 failed=0 queued=100
[  1756s] batch queued verified=0 failed=0 queued=100
[  1767s] batch queued verified=0 failed=0 queued=100
[  1777s] batch queued verified=0 failed=0 queued=100
[  1787s] batch queued verified=0 failed=0 queued=100
[  1798s] batch queued verified=0 failed=0 queued=100
TIMEOUT waiting for batch
