parsed 100 polynomials from data/liftE_c13_all.txt
ok: True | submissionId: sub_d43844484ebe436f88be62c7d73472fb | batchId: igp24_batch_113e0f2c69204208b0a7174aedd568dc | status: queued | queued: 100 | rejected: 0
[     0s] batch queued verified=0 failed=0 queued=100
[    12s] batch queued verified=0 failed=0 queued=100
[    22s] batch queued verified=0 failed=0 queued=100
[    32s] batch queued verified=0 failed=0 queued=100
[    43s] batch queued verified=0 failed=0 queued=100
[    54s] batch queued verified=0 failed=0 queued=100
[    64s] batch queued verified=0 failed=0 queued=100
[    75s] batch queued verified=0 failed=0 queued=100
[    85s] batch queued verified=0 failed=0 queued=100
[    96s] batch queued verified=0 failed=0 queued=100
[   106s] batch queued verified=0 failed=0 queued=100
[   117s] batch queued verified=0 failed=0 queued=100
[   127s] batch queued verified=0 failed=0 queued=100
[   137s] batch queued verified=0 failed=0 queued=100
[   148s] batch queued verified=0 failed=0 queued=100
[   158s] batch queued verified=0 failed=0 queued=100
[   169s] batch queued verified=0 failed=0 queued=100
[   179s] batch queued verified=0 failed=0 queued=100
[   189s] batch queued verified=0 failed=0 queued=100
[   201s] batch queued verified=0 failed=0 queued=100
[   211s] batch queued verified=0 failed=0 queued=100
[   221s] batch queued verified=0 failed=0 queued=100
[   232s] batch queued verified=0 failed=0 queued=100
[   243s] batch queued verified=0 failed=0 queued=100
[   255s] batch queued verified=0 failed=0 queued=100
[   265s] batch queued verified=0 failed=0 queued=100
[   275s] batch queued verified=0 failed=0 queued=100
[   286s] batch queued verified=0 failed=0 queued=100
[   297s] batch queued verified=0 failed=0 queued=100
[   307s] batch queued verified=0 failed=0 queued=100
[   318s] batch queued verified=0 failed=0 queued=100
[   329s] batch queued verified=0 failed=0 queued=100
[   340s] batch queued verified=0 failed=0 queued=100
[   350s] batch queued verified=0 failed=0 queued=100
[   360s] batch queued verified=0 failed=0 queued=100
[   371s] batch queued verified=0 failed=0 queued=100
[   381s] batch queued verified=0 failed=0 queued=100
[   391s] batch queued verified=0 failed=0 queued=100
[   402s] batch queued verified=0 failed=0 queued=100
[   412s] batch queued verified=0 failed=0 queued=100
[   424s] batch queued verified=0 failed=0 queued=100
[   434s] batch queued verified=0 failed=0 queued=100
[   445s] batch queued verified=0 failed=0 queued=100
[   455s] batch queued verified=0 failed=0 queued=100
[   466s] batch queued verified=0 failed=0 queued=100
[   477s] batch queued verified=0 failed=0 queued=100
[   489s] batch queued verified=0 failed=0 queued=100
[   500s] batch queued verified=0 failed=0 queued=100
[   510s] batch queued verified=0 failed=0 queued=100
[   521s] batch queued verified=0 failed=0 queued=100
[   532s] batch queued verified=0 failed=0 queued=100
[   543s] batch queued verified=0 failed=0 queued=100
[   553s] batch queued verified=0 failed=0 queued=100
[   563s] batch queued verified=0 failed=0 queued=100
[   574s] batch queued verified=0 failed=0 queued=100
[   584s] batch queued verified=0 failed=0 queued=100
[   596s] batch queued verified=0 failed=0 queued=100
[   607s] batch queued verified=0 failed=0 queued=100
[   617s] batch queued verified=0 failed=0 queued=100
[   627s] batch queued verified=0 failed=0 queued=100
[   638s] batch queued verified=0 failed=0 queued=100
[   648s] batch queued verified=0 failed=0 queued=100
[   659s] batch queued verified=0 failed=0 queued=100
[   670s] batch queued verified=0 failed=0 queued=100
[   680s] batch queued verified=0 failed=0 queued=100
[   691s] batch queued verified=0 failed=0 queued=100
[   701s] batch queued verified=0 failed=0 queued=100
[   712s] batch queued verified=0 failed=0 queued=100
[   722s] batch queued verified=0 failed=0 queued=100
[   733s] batch queued verified=0 failed=0 queued=100
[   743s] batch queued verified=0 failed=0 queued=100
[   755s] batch queued verified=0 failed=0 queued=100
[   767s] batch queued verified=0 failed=0 queued=100
[   777s] batch queued verified=0 failed=0 queued=100
[   787s] batch queued verified=0 failed=0 queued=100
[   799s] batch queued verified=0 failed=0 queued=100
[   810s] batch queued verified=0 failed=0 queued=100
[   821s] batch queued verified=0 failed=0 queued=100
[   833s] batch queued verified=0 failed=0 queued=100
[   843s] batch queued verified=0 failed=0 queued=100
[   854s] batch queued verified=0 failed=0 queued=100
[   864s] batch queued verified=0 failed=0 queued=100
[   874s] batch queued verified=0 failed=0 queued=100
[   885s] batch queued verified=0 failed=0 queued=100
[   895s] batch queued verified=0 failed=0 queued=100
[   906s] batch queued verified=0 failed=0 queued=100
[   916s] batch queued verified=0 failed=0 queued=100
[   926s] batch queued verified=0 failed=0 queued=100
[   937s] batch queued verified=0 failed=0 queued=100
[   947s] batch queued verified=0 failed=0 queued=100
[   958s] batch queued verified=0 failed=0 queued=100
[   968s] batch queued verified=0 failed=0 queued=100
[   978s] batch queued verified=0 failed=0 queued=100
[   989s] batch queued verified=0 failed=0 queued=100
[   999s] batch queued verified=0 failed=0 queued=100
[  1009s] batch queued verified=0 failed=0 queued=100
[  1020s] batch queued verified=0 failed=0 queued=100
[  1031s] batch queued verified=0 failed=0 queued=100
[  1041s] batch queued verified=0 failed=0 queued=100
[  1051s] batch queued verified=0 failed=0 queued=100
[  1062s] batch queued verified=0 failed=0 queued=100
[  1072s] batch queued verified=0 failed=0 queued=100
[  1083s] batch queued verified=0 failed=0 queued=100
[  1094s] batch queued verified=0 failed=0 queued=100
[  1105s] batch queued verified=0 failed=0 queued=100
[  1115s] batch queued verified=0 failed=0 queued=100
[  1125s] batch queued verified=0 failed=0 queued=100
[  1135s] batch queued verified=0 failed=0 queued=100
[  1146s] batch queued verified=0 failed=0 queued=100
[  1156s] batch queued verified=0 failed=0 queued=100
[  1167s] batch queued verified=0 failed=0 queued=100
[  1177s] batch queued verified=0 failed=0 queued=100
[  1187s] batch queued verified=0 failed=0 queued=100
[  1198s] batch queued verified=0 failed=0 queued=100
[  1208s] batch queued verified=0 failed=0 queued=100
[  1219s] batch queued verified=0 failed=0 queued=100
[  1230s] batch queued verified=0 failed=0 queued=100
[  1240s] batch queued verified=0 failed=0 queued=100
[  1251s] batch queued verified=0 failed=0 queued=100
[  1261s] batch queued verified=0 failed=0 queued=100
[  1271s] batch queued verified=0 failed=0 queued=100
[  1282s] batch queued verified=0 failed=0 queued=100
[  1294s] batch queued verified=0 failed=0 queued=100
[  1305s] batch queued verified=0 failed=0 queued=100
[  1315s] batch queued verified=0 failed=0 queued=100
[  1325s] batch queued verified=0 failed=0 queued=100
[  1336s] batch queued verified=0 failed=0 queued=100
[  1346s] batch queued verified=0 failed=0 queued=100
[  1357s] batch queued verified=0 failed=0 queued=100
[  1367s] batch queued verified=0 failed=0 queued=100
[  1377s] batch queued verified=0 failed=0 queued=100
[  1388s] batch queued verified=0 failed=0 queued=100
[  1398s] batch queued verified=0 failed=0 queued=100
[  1409s] batch queued verified=0 failed=0 queued=100
[  1419s] batch queued verified=0 failed=0 queued=100
[  1432s] batch queued verified=0 failed=0 queued=100
[  1442s] batch queued verified=0 failed=0 queued=100
[  1453s] batch queued verified=0 failed=0 queued=100
[  1463s] batch queued verified=0 failed=0 queued=100
[  1475s] batch queued verified=0 failed=0 queued=100
